
> nivaana-e-com-web@0.0.0 dev
> vite --host 127.0.0.1 --port 5192

[32m✔[0m [33mConsole Ninja[0m extension is connected to [33mVite[0m, see [36mhttps://tinyurl.com/2vt8jxzw[0m

  [32m[1mVITE[22m v7.1.9[39m  [2mready in [0m[1m611[22m[2m[0m ms[22m

  [32m➜[39m  [1mLocal[22m:   [36mhttp://127.0.0.1:[1m5192[22m/[39m
[2m9:56:26 am[22m [36m[1m[vite][22m[39m [90m[2m(client)[22m[39m [32mhmr update [39m[2m/src/components/Navbar.tsx, /src/index.css[22m
[2m9:57:59 am[22m [36m[1m[vite][22m[39m [90m[2m(client)[22m[39m [32mhmr update [39m[2m/src/index.css, /src/components/ui/button.tsx[22m
[2m9:58:09 am[22m [36m[1m[vite][22m[39m [90m[2m(client)[22m[39m [32mhmr update [39m[2m/src/index.css[22m
[2m10:05:46 am[22m [36m[1m[vite][22m[39m [90m[2m(client)[22m[39m [32mhmr update [39m[2m/src/index.css[22m
[2m10:05:59 am[22m [36m[1m[vite][22m[39m [90m[2m(client)[22m[39m [32mhmr update [39m[2m/src/index.css, /src/components/ui/button.tsx[22m
[2m10:06:24 am[22m [36m[1m[vite][22m[39m [90m[2m(client)[22m[39m [32mhmr update [39m[2m/src/components/Navbar.tsx, /src/index.css[22m
[2m10:06:40 am[22m [36m[1m[vite][22m[39m [90m[2m(client)[22m[39m [32mhmr update [39m[2m/src/pages/Home.tsx, /src/index.css[22m
[2m10:06:57 am[22m [36m[1m[vite][22m[39m [90m[2m(client)[22m[39m [32mhmr update [39m[2m/src/pages/Products.tsx, /src/index.css[22m
[2m10:11:59 am[22m [36m[1m[vite][22m[39m [90m[2m(client)[22m[39m [32mhmr update [39m[2m/src/index.css[22m
[2m10:12:16 am[22m [36m[1m[vite][22m[39m [90m[2m(client)[22m[39m [32mhmr update [39m[2m/src/index.css, /src/components/ui/button.tsx[22m
[2m10:12:27 am[22m [36m[1m[vite][22m[39m [90m[2m(client)[22m[39m [32mhmr update [39m[2m/src/pages/Home.tsx, /src/index.css[22m
[2m10:12:45 am[22m [36m[1m[vite][22m[39m [90m[2m(client)[22m[39m [32mhmr update [39m[2m/src/components/Navbar.tsx, /src/index.css[22m
[2m10:13:04 am[22m [36m[1m[vite][22m[39m [90m[2m(client)[22m[39m [32mhmr update [39m[2m/src/pages/Home.tsx, /src/index.css[22m
[2m10:13:17 am[22m [36m[1m[vite][22m[39m [90m[2m(client)[22m[39m [32mhmr update [39m[2m/src/index.css[22m
[2m10:15:21 am[22m [36m[1m[vite][22m[39m [90m[2m(client)[22m[39m [32mhmr update [39m[2m/src/pages/Home.tsx, /src/index.css[22m
[2m10:19:48 am[22m [36m[1m[vite][22m[39m [90m[2m(client)[22m[39m [32mhmr update [39m[2m/src/index.css, /src/components/ProductCard.tsx[22m
[2m10:23:49 am[22m [36m[1m[vite][22m[39m [90m[2m(client)[22m[39m [32mhmr update [39m[2m/src/pages/Cart.tsx, /src/index.css[22m
[2m10:24:03 am[22m [36m[1m[vite][22m[39m [90m[2m(client)[22m[39m [32mhmr update [39m[2m/src/pages/Wishlist.tsx, /src/index.css[22m
[2m10:29:33 am[22m [36m[1m[vite][22m[39m [90m[2m(client)[22m[39m [32mhmr update [39m[2m/src/index.css, /src/components/ProductCard.tsx[22m
[2m10:30:08 am[22m [36m[1m[vite][22m[39m [90m[2m(client)[22m[39m [32mhmr update [39m[2m/src/pages/Cart.tsx, /src/index.css[22m
[2m10:30:55 am[22m [36m[1m[vite][22m[39m [90m[2m(client)[22m[39m [32mhmr update [39m[2m/src/pages/Cart.tsx, /src/index.css[22m
[2m10:31:14 am[22m [36m[1m[vite][22m[39m [90m[2m(client)[22m[39m [32mhmr update [39m[2m/src/pages/ProductDetails.tsx, /src/index.css[22m
[2m10:31:32 am[22m [36m[1m[vite][22m[39m [90m[2m(client)[22m[39m [32mhmr update [39m[2m/src/pages/Wishlist.tsx, /src/index.css[22m
[2m10:59:10 am[22m [36m[1m[vite][22m[39m [90m[2m(client)[22m[39m [32mhmr update [39m[2m/src/pages/Cart.tsx, /src/index.css[22m
[2m10:59:25 am[22m [36m[1m[vite][22m[39m [90m[2m(client)[22m[39m [32mhmr update [39m[2m/src/pages/Wishlist.tsx, /src/index.css[22m
[2m11:00:26 am[22m [36m[1m[vite][22m[39m [90m[2m(client)[22m[39m [32mhmr update [39m[2m/src/pages/Cart.tsx, /src/index.css[22m
[2m11:07:55 am[22m [36m[1m[vite][22m[39m [32m.env changed, restarting server...[39m
[2m11:07:56 am[22m [36m[1m[vite][22m[39m server restarted.
[2m11:08:44 am[22m [36m[1m[vite][22m[39m [32m.env changed, restarting server...[39m
[2m11:08:44 am[22m [36m[1m[vite][22m[39m server restarted.
[2m11:09:46 am[22m [36m[1m[vite][22m[39m [32m.env changed, restarting server...[39m
[2m11:09:47 am[22m [36m[1m[vite][22m[39m server restarted.
[2m11:10:12 am[22m [36m[1m[vite][22m[39m [32m.env changed, restarting server...[39m
[2m11:10:13 am[22m [36m[1m[vite][22m[39m server restarted.
[2m11:10:58 am[22m [36m[1m[vite][22m[39m [90m[2m(client)[22m[39m [32mpage reload [39m[2mindex.html[22m
