
> nivaana-e-com-web@0.0.0 dev
> vite --host 127.0.0.1 --port 5196

[32m✔[0m [33mConsole Ninja[0m extension is connected to [33mVite[0m, see [36mhttps://tinyurl.com/2vt8jxzw[0m

  [32m[1mVITE[22m v7.1.9[39m  [2mready in [0m[1m1855[22m[2m[0m ms[22m

  [32m➜[39m  [1mLocal[22m:   [36mhttp://127.0.0.1:[1m5196[22m/[39m
[2m9:56:27 am[22m [36m[1m[vite][22m[39m [90m[2m(client)[22m[39m [32mpage reload [39m[2mindex.html[22m
[2m12:03:53 pm[22m [36m[1m[vite][22m[39m [32m.env changed, restarting server...[39m
[2m12:03:53 pm[22m [36m[1m[vite][22m[39m [32m.env changed, restarting server...[39m
[2m12:03:53 pm[22m [36m[1m[vite][22m[39m server restarted.
[2m12:10:49 pm[22m [36m[1m[vite][22m[39m [32m.env changed, restarting server...[39m
[2m12:10:49 pm[22m [36m[1m[vite][22m[39m server restarted.
[2m12:19:08 pm[22m [36m[1m[vite][22m[39m [32m.env changed, restarting server...[39m
[2m12:19:08 pm[22m [36m[1m[vite][22m[39m server restarted.
[2m12:19:08 pm[22m [36m[1m[vite][22m[39m [32m.env changed, restarting server...[39m
[2m12:19:08 pm[22m [36m[1m[vite][22m[39m [32m.env changed, restarting server...[39m
[2m12:19:08 pm[22m [36m[1m[vite][22m[39m server restarted.
[2m12:30:20 pm[22m [36m[1m[vite][22m[39m [32m.env changed, restarting server...[39m
[2m12:30:20 pm[22m [36m[1m[vite][22m[39m server restarted.
[2m12:31:33 pm[22m [36m[1m[vite][22m[39m [32m.env changed, restarting server...[39m
[2m12:31:33 pm[22m [36m[1m[vite][22m[39m server restarted.
[2m1:09:25 pm[22m [36m[1m[vite][22m[39m [90m[2m(client)[22m[39m [32mpage reload [39m[2mindex.html[22m
[2m1:22:19 pm[22m [36m[1m[vite][22m[39m [32m.env changed, restarting server...[39m
[2m1:22:19 pm[22m [36m[1m[vite][22m[39m server restarted.
[2m9:16:56 am[22m [36m[1m[vite][22m[39m [32m.env changed, restarting server...[39m
[2m9:16:56 am[22m [36m[1m[vite][22m[39m server restarted.
[2m9:17:03 am[22m [36m[1m[vite][22m[39m [32m.env changed, restarting server...[39m
[2m9:17:03 am[22m [36m[1m[vite][22m[39m server restarted.
[2m9:17:33 am[22m [36m[1m[vite][22m[39m [32m.env changed, restarting server...[39m
[2m9:17:33 am[22m [36m[1m[vite][22m[39m server restarted.
[2m9:17:34 am[22m [36m[1m[vite][22m[39m [32m.env changed, restarting server...[39m
[2m9:17:34 am[22m [36m[1m[vite][22m[39m server restarted.
[2m9:17:34 am[22m [36m[1m[vite][22m[39m [32m.env changed, restarting server...[39m
[2m9:17:34 am[22m [36m[1m[vite][22m[39m [32m.env changed, restarting server...[39m
[2m9:17:34 am[22m [36m[1m[vite][22m[39m server restarted.
[2m10:48:12 am[22m [36m[1m[vite][22m[39m [90m[2m(client)[22m[39m [32mpage reload [39m[2mindex.html[22m
[2m10:49:59 am[22m [36m[1m[vite][22m[39m [90m[2m(client)[22m[39m [32mpage reload [39m[2mindex.html[22m
[2m11:52:37 am[22m [36m[1m[vite][22m[39m [32m.env changed, restarting server...[39m
[2m11:52:38 am[22m [36m[1m[vite][22m[39m server restarted.
